---
source: tests/browser_tests.rs
expression: "FocusField::Prefix"
---
Prefix
