---
source: tests/browser_tests.rs
expression: "FocusField::EndpointUrl"
---
EndpointUrl
