---
source: tests/browser_tests.rs
expression: error
---
Error(
    "Test error message",
)
