---
source: tests/browser_tests.rs
expression: "FocusField::SnapshotList"
---
SnapshotList
