---
source: tests/browser_tests.rs
expression: downloading
---
Downloading(
    BackupMetadata {
        key: "test-snapshot-1.sql.gz",
        size: 10485760,
        last_modified: 2023-01-01T12:00:00Z,
    },
    0.5,
    1048576.0,
)
