---
source: tests/browser_tests.rs
expression: hidden
---
Hidden
