---
source: tests/browser_tests.rs
expression: "FocusField::SecretAccessKey"
---
SecretAccessKey
