---
source: tests/browser_tests.rs
expression: "InputMode::Editing"
---
Editing
