---
source: tests/browser_tests.rs
expression: "RestoreTarget::Elasticsearch"
---
Elasticsearch
