---
source: tests/browser_tests.rs
expression: success
---
Success(
    "Test success message",
)
