---
source: tests/browser_tests.rs
expression: "FocusField::AccessKeyId"
---
AccessKeyId
