---
source: tests/browser_tests.rs
expression: "FocusField::Region"
---
Region
