---
source: tests/browser_tests.rs
expression: "InputMode::Normal"
---
Normal
