---
source: tests/browser_tests.rs
expression: "FocusField::PathStyle"
---
PathStyle
