---
source: tests/browser_tests.rs
expression: "RestoreTarget::Postgres"
---
Postgres
