---
source: tests/browser_tests.rs
expression: "FocusField::Bucket"
---
Bucket
