---
source: tests/browser_tests.rs
expression: "RestoreTarget::Qdrant"
---
Qdrant
