---
source: tests/renderer_tests.rs
expression: rect1
---
Rect {
    x: 20,
    y: 23,
    width: 60,
    height: 5,
}
